<html>
<body>
<pre>
<h1>µVision Build Log</h1>
<h2>Project:</h2>
C:\Users\Prolific\Desktop\Manthan Ladva\Arm-Projects\interrupt\uart_int_led\uart_int.uvproj
Project File Date:  08/11/2010

<h2>Output:</h2>
Build target 'Target 1'
compiling uart_int.c...
linking...
Program Size: Code=1152 RO-data=32 RW-data=4 ZI-data=1260  
FromELF: creating hex file...
"uart_int.axf" - 0 Error(s), 0 Warning(s).
Build target 'Target 1'
compiling uart_int.c...
linking...
Program Size: Code=1200 RO-data=32 RW-data=4 ZI-data=1260  
FromELF: creating hex file...
"uart_int.axf" - 0 Error(s), 0 Warning(s).
Build target 'Target 1'
compiling uart_int.c...
linking...
Program Size: Code=1200 RO-data=32 RW-data=4 ZI-data=1260  
FromELF: creating hex file...
"uart_int.axf" - 0 Error(s), 0 Warning(s).
Build target 'Target 1'
compiling uart_int.c...
linking...
Program Size: Code=1164 RO-data=32 RW-data=4 ZI-data=1260  
FromELF: creating hex file...
"uart_int.axf" - 0 Error(s), 0 Warning(s).
Build target 'Target 1'
compiling uart_int.c...
linking...
Program Size: Code=1220 RO-data=32 RW-data=4 ZI-data=1260  
FromELF: creating hex file...
"uart_int.axf" - 0 Error(s), 0 Warning(s).
Build target 'Target 1'
linking...
Program Size: Code=1220 RO-data=32 RW-data=4 ZI-data=1260  
FromELF: creating hex file...
"uart_int.axf" - 0 Error(s), 0 Warning(s).
Build target 'Target 1'
linking...
Program Size: Code=1220 RO-data=32 RW-data=4 ZI-data=1260  
FromELF: creating hex file...
"uart_int.axf" - 0 Error(s), 0 Warning(s).
Build target 'Target 1'
linking...
Program Size: Code=1220 RO-data=32 RW-data=4 ZI-data=1260  
FromELF: creating hex file...
"uart_int.axf" - 0 Error(s), 0 Warning(s).
Build target 'Target 1'
linking...
Program Size: Code=1220 RO-data=32 RW-data=4 ZI-data=1260  
FromELF: creating hex file...
"uart_int.axf" - 0 Error(s), 0 Warning(s).
