C51 COMPILER V9.59.0.0   SWAP                                                              03/09/2021 16:18:48 PAGE 1   


C51 COMPILER V9.59.0.0, COMPILATION OF MODULE SWAP
OBJECT MODULE PLACED IN swap.OBJ
COMPILER INVOKED BY: C:\Keil_v5\C51\BIN\C51.EXE swap.c BROWSE DEBUG OBJECTEXTEND

line level    source

   1          #include<REG51F.H>
   2          
   3          sbit SWITCH0 = P2^0;
   4          sbit SWITCH1 = P2^1;
   5          sbit SWITCH2 = P2^2;
   6          sbit SWITCH3 = P2^3;
   7          
   8          unsigned int value_array[] = {0xFC, 0x60, 0xDA, 0xF2, 0x66, 0xB6, 0xBE, 0xE0, 0xFE, 0xF6}; //0123456789
   9          
  10          void delay(unsigned long int time){                       //Delay Function
  11   1              unsigned long int i;
  12   1              unsigned int j;
  13   1      
  14   1              for(i=0;i<time;i++){
  15   2                      for(j=0;j<120;j++){}
  16   2              }
  17   1      }
  18          
  19          void ssd_switch(unsigned int a, unsigned int b, unsigned int c, unsigned int d){
  20   1              SWITCH0 = a;
  21   1              SWITCH1 = b;
  22   1              SWITCH2 = c;
  23   1              SWITCH3 = d;
  24   1      }
  25          
  26          void swap(unsigned int *value1, unsigned int *value2, unsigned int *value3, unsigned int *value4){
  27   1              unsigned int temp;
  28   1      
  29   1              temp = *value1;
  30   1              *value1 = *value2;
  31   1              *value2 = *value3;
  32   1              *value3 = *value4;
  33   1              *value4 = temp;
  34   1      
  35   1              return;
  36   1      }
  37          
  38          void swapper(unsigned int a, unsigned int b, unsigned int c, unsigned int d){
  39   1              int i,j,k,l;
  40   1              for(i=0;i<4;i++){
  41   2                      ssd_switch(1,1,1,0);
  42   2                      P0 = a;
  43   2                      delay(1);
  44   2                      P0 = 0x00;
  45   2              
  46   2                      ssd_switch(1,1,0,1);
  47   2                      P0 = b;
  48   2                      delay(1);
  49   2                      P0 = 0x00;
  50   2              
  51   2                      ssd_switch(1,0,1,1);
  52   2                      P0 = c;
  53   2                      delay(1);
  54   2                      P0 = 0x00;
  55   2              
C51 COMPILER V9.59.0.0   SWAP                                                              03/09/2021 16:18:48 PAGE 2   

  56   2                      ssd_switch(0,1,1,1);
  57   2                      P0 = d;
  58   2                      delay(1);
  59   2                      P0 = 0x00;
  60   2      
  61   2                      for(j=0;j<200;j++){for(k=0;k<100;k++){}}                
  62   2                      swap(&a, &b, &c, &d);
  63   2                      //delay(500);
  64   2                      
  65   2              }        
  66   1      }
*** WARNING C280 IN LINE 39 OF swap.c: 'l': unreferenced local variable
  67          
  68          void main(){
  69   1              while(1){
  70   2                      swapper(value_array[1], value_array[2], value_array[3], value_array[4]);
  71   2              }
  72   1      }


MODULE INFORMATION:   STATIC OVERLAYABLE
   CODE SIZE        =    417    ----
   CONSTANT SIZE    =   ----    ----
   XDATA SIZE       =   ----    ----
   PDATA SIZE       =   ----    ----
   DATA SIZE        =     20      40
   IDATA SIZE       =   ----    ----
   BIT SIZE         =   ----    ----
END OF MODULE INFORMATION.


C51 COMPILATION COMPLETE.  1 WARNING(S),  0 ERROR(S)
