ARM Linker, RVCT4.0 [Build 524] for uVision [Evaluation]

==============================================================================

Section Cross References

    startup.o(STACK) refers (Special) to heapauxi.o(.text) for __use_two_region_memory
    startup.o(HEAP) refers (Special) to heapauxi.o(.text) for __use_two_region_memory
    startup.o(RESET) refers (Special) to heapauxi.o(.text) for __use_two_region_memory
    startup.o(RESET) refers to startup.o(STACK) for Stack_Top
    startup.o(RESET) refers to __main.o(!!!main) for __main
    startup.o(.text) refers (Special) to heapauxi.o(.text) for __use_two_region_memory
    startup.o(.text) refers to startup.o(HEAP) for Heap_Mem
    startup.o(.text) refers to startup.o(STACK) for Stack_Mem
    rfid_main.o(.text) refers to brains.o(.text) for lcd_brain
    ssd.o(.text) refers to delay.o(.text) for Delay
    uart.o(.text) refers to rt_memclr.o(.text) for __aeabi_memclr
    uart.o(.text) refers to uart.o(.bss) for .bss
    lcd.o(.text) refers to delay.o(.text) for Delay
    brains.o(.text) refers to uart.o(.text) for Transmit_String
    brains.o(.text) refers to strcmp.o(.text) for strcmp
    brains.o(.text) refers to ssd.o(.text) for display_ssd
    brains.o(.text) refers to lcd.o(.text) for lcd_init
    brains.o(.text) refers to delay.o(.text) for Delay
    brains.o(.text) refers to strcat.o(.text) for strcat
    brains.o(.text) refers to brains.o(.data) for ADefaltString
    brains.o(.text) refers to brains.o(.constdata) for .constdata
    rt_memclr.o(.text) refers to rt_memclr_w.o(.text) for _memset_w
    __main.o(!!!main) refers to rtentry.o(.ARM.Collect$$rtentry$$00000000) for __rt_entry
    rtentry.o(.ARM.Collect$$rtentry$$00000000) refers (Special) to rtentry2.o(.ARM.Collect$$rtentry$$0000000A) for __rt_entry_li
    rtentry.o(.ARM.Collect$$rtentry$$00000000) refers (Special) to rtentry2.o(.ARM.Collect$$rtentry$$0000000D) for __rt_entry_main
    rtentry.o(.ARM.Collect$$rtentry$$00000000) refers (Special) to rtentry2.o(.ARM.Collect$$rtentry$$0000000C) for __rt_entry_postli_1
    rtentry.o(.ARM.Collect$$rtentry$$00000000) refers (Special) to rtentry2.o(.ARM.Collect$$rtentry$$00000009) for __rt_entry_postsh_1
    rtentry.o(.ARM.Collect$$rtentry$$00000000) refers (Special) to rtentry2.o(.ARM.Collect$$rtentry$$00000002) for __rt_entry_presh_1
    rtentry.o(.ARM.Collect$$rtentry$$00000000) refers (Special) to rtentry4.o(.ARM.Collect$$rtentry$$00000004) for __rt_entry_sh
    rtentry.o(.ARM.exidx) refers (Special) to rtentry2.o(.ARM.Collect$$rtentry$$0000000A) for __rt_entry_li
    rtentry.o(.ARM.exidx) refers (Special) to rtentry2.o(.ARM.Collect$$rtentry$$0000000D) for __rt_entry_main
    rtentry.o(.ARM.exidx) refers (Special) to rtentry2.o(.ARM.Collect$$rtentry$$0000000C) for __rt_entry_postli_1
    rtentry.o(.ARM.exidx) refers (Special) to rtentry2.o(.ARM.Collect$$rtentry$$00000009) for __rt_entry_postsh_1
    rtentry.o(.ARM.exidx) refers (Special) to rtentry2.o(.ARM.Collect$$rtentry$$00000002) for __rt_entry_presh_1
    rtentry.o(.ARM.exidx) refers (Special) to rtentry4.o(.ARM.Collect$$rtentry$$00000004) for __rt_entry_sh
    rtentry.o(.ARM.exidx) refers to rtentry.o(.ARM.Collect$$rtentry$$00000000) for .ARM.Collect$$rtentry$$00000000
    rtentry2.o(.ARM.Collect$$rtentry$$00000008) refers to boardinit2.o(.text) for _platform_post_stackheap_init
    rtentry2.o(.ARM.Collect$$rtentry$$0000000A) refers to libinit.o(.ARM.Collect$$libinit$$00000000) for __rt_lib_init
    rtentry2.o(.ARM.Collect$$rtentry$$0000000B) refers to boardinit3.o(.text) for _platform_post_lib_init
    rtentry2.o(.ARM.Collect$$rtentry$$0000000D) refers to exit.o(.text) for exit
    rtentry2.o(.ARM.Collect$$rtentry$$0000000D) refers to rfid_main.o(.text) for main
    rtentry2.o(.ARM.exidx) refers to rtentry2.o(.ARM.Collect$$rtentry$$00000001) for .ARM.Collect$$rtentry$$00000001
    rtentry2.o(.ARM.exidx) refers to rtentry2.o(.ARM.Collect$$rtentry$$00000002) for .ARM.Collect$$rtentry$$00000002
    rtentry2.o(.ARM.exidx) refers to rtentry2.o(.ARM.Collect$$rtentry$$00000008) for .ARM.Collect$$rtentry$$00000008
    rtentry2.o(.ARM.exidx) refers to rtentry2.o(.ARM.Collect$$rtentry$$00000009) for .ARM.Collect$$rtentry$$00000009
    rtentry2.o(.ARM.exidx) refers to rtentry2.o(.ARM.Collect$$rtentry$$0000000A) for .ARM.Collect$$rtentry$$0000000A
    rtentry2.o(.ARM.exidx) refers to rtentry2.o(.ARM.Collect$$rtentry$$0000000B) for .ARM.Collect$$rtentry$$0000000B
    rtentry2.o(.ARM.exidx) refers to rtentry2.o(.ARM.Collect$$rtentry$$0000000C) for .ARM.Collect$$rtentry$$0000000C
    rtentry2.o(.ARM.exidx) refers to rtentry2.o(.ARM.Collect$$rtentry$$0000000D) for .ARM.Collect$$rtentry$$0000000D
    rtentry4.o(.ARM.Collect$$rtentry$$00000004) refers to sys_stackheap_outer.o(.text) for __user_setup_stackheap
    rtentry4.o(.ARM.exidx) refers to rtentry4.o(.ARM.Collect$$rtentry$$00000004) for .ARM.Collect$$rtentry$$00000004
    sys_stackheap_outer.o(.text) refers to libspace.o(.text) for __user_perproc_libspace
    sys_stackheap_outer.o(.text) refers to startup.o(.text) for __user_initial_stackheap
    exit.o(.text) refers to rtexit.o(.ARM.Collect$$rtexit$$00000000) for __rt_exit
    libinit.o(.ARM.Collect$$libinit$$00000000) refers (Special) to libinit2.o(.ARM.Collect$$libinit$$0000002A) for __rt_lib_init_alloca_1
    libinit.o(.ARM.Collect$$libinit$$00000000) refers (Special) to libinit2.o(.ARM.Collect$$libinit$$00000028) for __rt_lib_init_argv_1
    libinit.o(.ARM.Collect$$libinit$$00000000) refers (Special) to libinit2.o(.ARM.Collect$$libinit$$00000017) for __rt_lib_init_atexit_1
    libinit.o(.ARM.Collect$$libinit$$00000000) refers (Special) to libinit2.o(.ARM.Collect$$libinit$$0000001D) for __rt_lib_init_clock_1
    libinit.o(.ARM.Collect$$libinit$$00000000) refers (Special) to libinit2.o(.ARM.Collect$$libinit$$0000002E) for __rt_lib_init_cpp_1
    libinit.o(.ARM.Collect$$libinit$$00000000) refers (Special) to libinit2.o(.ARM.Collect$$libinit$$0000002C) for __rt_lib_init_exceptions_1
    libinit.o(.ARM.Collect$$libinit$$00000000) refers (Special) to libinit2.o(.ARM.Collect$$libinit$$0000001B) for __rt_lib_init_fp_trap_1
    libinit.o(.ARM.Collect$$libinit$$00000000) refers (Special) to libinit2.o(.ARM.Collect$$libinit$$0000001F) for __rt_lib_init_getenv_1
    libinit.o(.ARM.Collect$$libinit$$00000000) refers (Special) to libinit2.o(.ARM.Collect$$libinit$$00000006) for __rt_lib_init_heap_1
    libinit.o(.ARM.Collect$$libinit$$00000000) refers (Special) to libinit2.o(.ARM.Collect$$libinit$$0000000D) for __rt_lib_init_lc_collate_1
    libinit.o(.ARM.Collect$$libinit$$00000000) refers (Special) to libinit2.o(.ARM.Collect$$libinit$$0000000F) for __rt_lib_init_lc_ctype_1
    libinit.o(.ARM.Collect$$libinit$$00000000) refers (Special) to libinit2.o(.ARM.Collect$$libinit$$00000011) for __rt_lib_init_lc_monetary_1
    libinit.o(.ARM.Collect$$libinit$$00000000) refers (Special) to libinit2.o(.ARM.Collect$$libinit$$00000013) for __rt_lib_init_lc_numeric_1
    libinit.o(.ARM.Collect$$libinit$$00000000) refers (Special) to libinit2.o(.ARM.Collect$$libinit$$00000015) for __rt_lib_init_lc_time_1
    libinit.o(.ARM.Collect$$libinit$$00000000) refers (Special) to libinit2.o(.ARM.Collect$$libinit$$0000000A) for __rt_lib_init_rand_1
    libinit.o(.ARM.Collect$$libinit$$00000000) refers (Special) to libinit2.o(.ARM.Collect$$libinit$$0000002F) for __rt_lib_init_return
    libinit.o(.ARM.Collect$$libinit$$00000000) refers (Special) to libinit2.o(.ARM.Collect$$libinit$$00000019) for __rt_lib_init_signal_1
    libinit.o(.ARM.Collect$$libinit$$00000000) refers (Special) to libinit2.o(.ARM.Collect$$libinit$$00000021) for __rt_lib_init_stdio_1
    libinit.o(.ARM.Collect$$libinit$$00000000) refers (Special) to libinit2.o(.ARM.Collect$$libinit$$00000008) for __rt_lib_init_user_alloc_1
    libinit.o(.ARM.Collect$$libinit$$00000000) refers to fpinit.o(x$fpl$fpinit) for _fp_init
    libspace.o(.text) refers to libspace.o(.bss) for __libspace_start
    rtexit.o(.ARM.Collect$$rtexit$$00000000) refers (Special) to rtexit2.o(.ARM.Collect$$rtexit$$00000004) for __rt_exit_exit
    rtexit.o(.ARM.Collect$$rtexit$$00000000) refers (Special) to rtexit2.o(.ARM.Collect$$rtexit$$00000003) for __rt_exit_ls
    rtexit.o(.ARM.Collect$$rtexit$$00000000) refers (Special) to rtexit2.o(.ARM.Collect$$rtexit$$00000002) for __rt_exit_prels_1
    rtexit.o(.ARM.exidx) refers (Special) to rtexit2.o(.ARM.Collect$$rtexit$$00000004) for __rt_exit_exit
    rtexit.o(.ARM.exidx) refers (Special) to rtexit2.o(.ARM.Collect$$rtexit$$00000003) for __rt_exit_ls
    rtexit.o(.ARM.exidx) refers (Special) to rtexit2.o(.ARM.Collect$$rtexit$$00000002) for __rt_exit_prels_1
    rtexit.o(.ARM.exidx) refers to rtexit.o(.ARM.Collect$$rtexit$$00000000) for .ARM.Collect$$rtexit$$00000000
    libinit2.o(.ARM.Collect$$libinit$$0000000C) refers to libinit2.o(.ARM.Collect$$libinit$$0000000B) for .ARM.Collect$$libinit$$0000000B
    libinit2.o(.ARM.Collect$$libinit$$0000000E) refers to libinit2.o(.ARM.Collect$$libinit$$0000000B) for .ARM.Collect$$libinit$$0000000B
    libinit2.o(.ARM.Collect$$libinit$$00000010) refers to libinit2.o(.ARM.Collect$$libinit$$0000000B) for .ARM.Collect$$libinit$$0000000B
    libinit2.o(.ARM.Collect$$libinit$$00000012) refers to libinit2.o(.ARM.Collect$$libinit$$0000000B) for .ARM.Collect$$libinit$$0000000B
    libinit2.o(.ARM.Collect$$libinit$$00000014) refers to libinit2.o(.ARM.Collect$$libinit$$0000000B) for .ARM.Collect$$libinit$$0000000B
    libinit2.o(.ARM.Collect$$libinit$$00000022) refers to argv_veneer.o(.emb_text) for __ARM_argv_veneer
    libinit2.o(.ARM.Collect$$libinit$$00000023) refers to argv_veneer.o(.emb_text) for __ARM_argv_veneer
    rtexit2.o(.ARM.Collect$$rtexit$$00000003) refers to libshutdown.o(.ARM.Collect$$libshutdown$$00000000) for __rt_lib_shutdown
    rtexit2.o(.ARM.Collect$$rtexit$$00000004) refers to sys_exit.o(.text) for _sys_exit
    rtexit2.o(.ARM.exidx) refers to rtexit2.o(.ARM.Collect$$rtexit$$00000001) for .ARM.Collect$$rtexit$$00000001
    rtexit2.o(.ARM.exidx) refers to rtexit2.o(.ARM.Collect$$rtexit$$00000002) for .ARM.Collect$$rtexit$$00000002
    rtexit2.o(.ARM.exidx) refers to rtexit2.o(.ARM.Collect$$rtexit$$00000003) for .ARM.Collect$$rtexit$$00000003
    rtexit2.o(.ARM.exidx) refers to rtexit2.o(.ARM.Collect$$rtexit$$00000004) for .ARM.Collect$$rtexit$$00000004
    argv_veneer.o(.emb_text) refers to no_argv.o(.text) for __ARM_get_argv
    sys_exit.o(.text) refers to use_no_semi.o(.text) for __I$use$semihosting
    _get_argv_nomalloc.o(.text) refers (Special) to hrguard.o(.text) for __heap_region$guard
    _get_argv_nomalloc.o(.text) refers to defsig_rtmem_outer.o(.text) for __rt_SIGRTMEM
    _get_argv_nomalloc.o(.text) refers to sys_command.o(.text) for _sys_command_string
    libshutdown.o(.ARM.Collect$$libshutdown$$00000000) refers (Special) to libshutdown2.o(.ARM.Collect$$libshutdown$$00000006) for __rt_lib_shutdown_fp_trap_1
    libshutdown.o(.ARM.Collect$$libshutdown$$00000000) refers (Special) to libshutdown2.o(.ARM.Collect$$libshutdown$$0000000E) for __rt_lib_shutdown_heap_1
    libshutdown.o(.ARM.Collect$$libshutdown$$00000000) refers (Special) to libshutdown2.o(.ARM.Collect$$libshutdown$$0000000F) for __rt_lib_shutdown_return
    libshutdown.o(.ARM.Collect$$libshutdown$$00000000) refers (Special) to libshutdown2.o(.ARM.Collect$$libshutdown$$00000009) for __rt_lib_shutdown_signal_1
    libshutdown.o(.ARM.Collect$$libshutdown$$00000000) refers (Special) to libshutdown2.o(.ARM.Collect$$libshutdown$$00000003) for __rt_lib_shutdown_stdio_1
    libshutdown.o(.ARM.Collect$$libshutdown$$00000000) refers (Special) to libshutdown2.o(.ARM.Collect$$libshutdown$$0000000B) for __rt_lib_shutdown_user_alloc_1
    sys_command.o(.text) refers (Special) to use_no_semi.o(.text) for __I$use$semihosting
    defsig_rtmem_outer.o(.text) refers to defsig_rtmem_inner.o(.text) for __rt_SIGRTMEM_inner
    defsig_rtmem_outer.o(.text) refers to defsig_exit.o(.text) for __sig_exit
    defsig_rtmem_formal.o(.text) refers to rt_raise.o(.text) for __rt_raise
    rt_raise.o(.text) refers to __raise.o(.text) for __raise
    rt_raise.o(.text) refers to sys_exit.o(.text) for _sys_exit
    defsig_exit.o(.text) refers to sys_exit.o(.text) for _sys_exit
    defsig_rtmem_inner.o(.text) refers to defsig_general.o(.text) for __default_signal_display
    __raise.o(.text) refers to defsig.o(CL$$defsig) for __default_signal_handler
    __raise.o(.text) refers to __raise.o(i.__ARM_common_call_via_r2) for __ARM_common_call_via_r2
    defsig_general.o(.text) refers to sys_wrch.o(.text) for _ttywrch
    sys_wrch.o(.text) refers (Special) to use_no_semi.o(.text) for __I$use$semihosting
    defsig.o(CL$$defsig) refers to defsig_rtmem_inner.o(.text) for __rt_SIGRTMEM_inner
    defsig_abrt_inner.o(.text) refers to defsig_general.o(.text) for __default_signal_display
    defsig_fpe_inner.o(.text) refers to defsig_general.o(.text) for __default_signal_display
    defsig_rtred_inner.o(.text) refers to defsig_general.o(.text) for __default_signal_display
    defsig_stak_inner.o(.text) refers to defsig_general.o(.text) for __default_signal_display
    defsig_pvfn_inner.o(.text) refers to defsig_general.o(.text) for __default_signal_display
    defsig_cppl_inner.o(.text) refers to defsig_general.o(.text) for __default_signal_display
    defsig_segv_inner.o(.text) refers to defsig_general.o(.text) for __default_signal_display
    defsig_other.o(.text) refers to defsig_general.o(.text) for __default_signal_display


==============================================================================

Adding Veneers to the image

    Adding AT veneer (8 bytes, Inline) for call to '__rt_lib_init' from rtentry2.o(.ARM.Collect$$rtentry$$0000000A).
    Adding AT veneer (8 bytes, Inline) for call to '__rt_lib_shutdown' from rtexit2.o(.ARM.Collect$$rtexit$$00000003).
    Adding TA veneer (4 bytes, Inline) for call to '__rt_exit' from exit.o(.text).
    Adding AT veneer (8 bytes, Inline) for call to 'strcat' from brains.o(.text).
    Adding TA veneer (4 bytes, Inline) for call to '_fp_init' from libinit.o(.ARM.Collect$$libinit$$00000000).

5 Veneer(s) (total 32 bytes) added to the image.

==============================================================================

Image Symbol Table

    Local Symbols

    Symbol Name                              Value     Ov Type        Size  Object(Section)

    RESET                                    0x00000000   Section      272  startup.o(RESET)
    ../../angel/boardlib.s                   0x00000000   Number         0  boardinit3.o ABSOLUTE
    ../../angel/boardlib.s                   0x00000000   Number         0  boardinit2.o ABSOLUTE
    ../../angel/boardlib.s                   0x00000000   Number         0  boardinit1.o ABSOLUTE
    ../../angel/boardlib.s                   0x00000000   Number         0  boardshut.o ABSOLUTE
    ../../angel/handlers.s                   0x00000000   Number         0  __scatter_copy.o ABSOLUTE
    ../../angel/handlers.s                   0x00000000   Number         0  __scatter_zi.o ABSOLUTE
    ../../angel/kernel.s                     0x00000000   Number         0  rtexit.o ABSOLUTE
    ../../angel/kernel.s                     0x00000000   Number         0  rtexit2.o ABSOLUTE
    ../../angel/kernel.s                     0x00000000   Number         0  rtentry4.o ABSOLUTE
    ../../angel/kernel.s                     0x00000000   Number         0  rtentry2.o ABSOLUTE
    ../../angel/kernel.s                     0x00000000   Number         0  rtentry.o ABSOLUTE
    ../../angel/rt.s                         0x00000000   Number         0  rt_raise.o ABSOLUTE
    ../../angel/scatter.s                    0x00000000   Number         0  __scatter.o ABSOLUTE
    ../../angel/startup.s                    0x00000000   Number         0  __main.o ABSOLUTE
    ../../angel/sys.s                        0x00000000   Number         0  libspace.o ABSOLUTE
    ../../angel/sys.s                        0x00000000   Number         0  sys_exit.o ABSOLUTE
    ../../angel/sys.s                        0x00000000   Number         0  sys_stackheap_outer.o ABSOLUTE
    ../../angel/sys.s                        0x00000000   Number         0  use_no_semi.o ABSOLUTE
    ../../angel/sysapp.c                     0x00000000   Number         0  sys_command.o ABSOLUTE
    ../../angel/sysapp.c                     0x00000000   Number         0  sys_wrch.o ABSOLUTE
    ../../armsys.c                           0x00000000   Number         0  argv_veneer.o ABSOLUTE
    ../../armsys.c                           0x00000000   Number         0  argv_veneer.o ABSOLUTE
    ../../armsys.c                           0x00000000   Number         0  _get_argv_nomalloc.o ABSOLUTE
    ../../armsys.c                           0x00000000   Number         0  no_argv.o ABSOLUTE
    ../../fpinit.s                           0x00000000   Number         0  fpinit.o ABSOLUTE
    ../../heapalloc.c                        0x00000000   Number         0  hrguard.o ABSOLUTE
    ../../heapaux.c                          0x00000000   Number         0  heapauxi.o ABSOLUTE
    ../../libinit.s                          0x00000000   Number         0  libinit2.o ABSOLUTE
    ../../libinit.s                          0x00000000   Number         0  libinit.o ABSOLUTE
    ../../libinit.s                          0x00000000   Number         0  libshutdown.o ABSOLUTE
    ../../libinit.s                          0x00000000   Number         0  libshutdown2.o ABSOLUTE
    ../../memcpset.s                         0x00000000   Number         0  rt_memclr_w.o ABSOLUTE
    ../../memcpset.s                         0x00000000   Number         0  strcmp.o ABSOLUTE
    ../../memcpset.s                         0x00000000   Number         0  rt_memclr.o ABSOLUTE
    ../../signal.c                           0x00000000   Number         0  defsig_rtmem_formal.o ABSOLUTE
    ../../signal.c                           0x00000000   Number         0  defsig_rtmem_outer.o ABSOLUTE
    ../../signal.c                           0x00000000   Number         0  defsig_exit.o ABSOLUTE
    ../../signal.c                           0x00000000   Number         0  defsig_rtmem_inner.o ABSOLUTE
    ../../signal.c                           0x00000000   Number         0  defsig_general.o ABSOLUTE
    ../../signal.c                           0x00000000   Number         0  __raise.o ABSOLUTE
    ../../signal.c                           0x00000000   Number         0  defsig_abrt_inner.o ABSOLUTE
    ../../signal.c                           0x00000000   Number         0  defsig_fpe_inner.o ABSOLUTE
    ../../signal.c                           0x00000000   Number         0  defsig_rtred_inner.o ABSOLUTE
    ../../signal.c                           0x00000000   Number         0  defsig_stak_inner.o ABSOLUTE
    ../../signal.c                           0x00000000   Number         0  defsig_pvfn_inner.o ABSOLUTE
    ../../signal.c                           0x00000000   Number         0  defsig_cppl_inner.o ABSOLUTE
    ../../signal.c                           0x00000000   Number         0  defsig_segv_inner.o ABSOLUTE
    ../../signal.c                           0x00000000   Number         0  defsig_other.o ABSOLUTE
    ../../signal.s                           0x00000000   Number         0  defsig.o ABSOLUTE
    ../../stdlib.c                           0x00000000   Number         0  exit.o ABSOLUTE
    ../../string.c                           0x00000000   Number         0  strcat.o ABSOLUTE
    Startup.s                                0x00000000   Number         0  startup.o ABSOLUTE
    dc.s                                     0x00000000   Number         0  dc.o ABSOLUTE
    headers\brains.c                         0x00000000   Number         0  brains.o ABSOLUTE
    headers\delay.c                          0x00000000   Number         0  delay.o ABSOLUTE
    headers\lcd.c                            0x00000000   Number         0  lcd.o ABSOLUTE
    headers\ssd.c                            0x00000000   Number         0  ssd.o ABSOLUTE
    headers\uart.c                           0x00000000   Number         0  uart.o ABSOLUTE
    rfid_main.c                              0x00000000   Number         0  rfid_main.o ABSOLUTE
    Undef_Handler                            0x00000040   ARM Code       4  startup.o(RESET)
    SWI_Handler                              0x00000044   ARM Code       4  startup.o(RESET)
    PAbt_Handler                             0x00000048   ARM Code       4  startup.o(RESET)
    DAbt_Handler                             0x0000004c   ARM Code       4  startup.o(RESET)
    IRQ_Handler                              0x00000050   ARM Code       4  startup.o(RESET)
    FIQ_Handler                              0x00000054   ARM Code       4  startup.o(RESET)
    !!!main                                  0x00000110   Section        8  __main.o(!!!main)
    !!!scatter                               0x00000118   Section       60  __scatter.o(!!!scatter)
    !!handler_copy                           0x00000154   Section       40  __scatter_copy.o(!!handler_copy)
    !!handler_zi                             0x0000017c   Section       44  __scatter_zi.o(!!handler_zi)
    .ARM.Collect$$libinit$$00000000          0x000001b0   Section        6  libinit.o(.ARM.Collect$$libinit$$00000000)
    .ARM.Collect$$libinit$$00000006          0x000001b6   Section        0  libinit2.o(.ARM.Collect$$libinit$$00000006)
    .ARM.Collect$$libinit$$00000008          0x000001b6   Section        0  libinit2.o(.ARM.Collect$$libinit$$00000008)
    .ARM.Collect$$libinit$$0000000A          0x000001b6   Section        0  libinit2.o(.ARM.Collect$$libinit$$0000000A)
    .ARM.Collect$$libinit$$0000000D          0x000001b6   Section        0  libinit2.o(.ARM.Collect$$libinit$$0000000D)
    .ARM.Collect$$libinit$$0000000F          0x000001b6   Section        0  libinit2.o(.ARM.Collect$$libinit$$0000000F)
    .ARM.Collect$$libinit$$00000011          0x000001b6   Section        0  libinit2.o(.ARM.Collect$$libinit$$00000011)
    .ARM.Collect$$libinit$$00000013          0x000001b6   Section        0  libinit2.o(.ARM.Collect$$libinit$$00000013)
    .ARM.Collect$$libinit$$00000015          0x000001b6   Section        0  libinit2.o(.ARM.Collect$$libinit$$00000015)
    .ARM.Collect$$libinit$$00000017          0x000001b6   Section        0  libinit2.o(.ARM.Collect$$libinit$$00000017)
    .ARM.Collect$$libinit$$00000019          0x000001b6   Section        0  libinit2.o(.ARM.Collect$$libinit$$00000019)
    .ARM.Collect$$libinit$$0000001B          0x000001b6   Section        0  libinit2.o(.ARM.Collect$$libinit$$0000001B)
    .ARM.Collect$$libinit$$0000001D          0x000001b6   Section        0  libinit2.o(.ARM.Collect$$libinit$$0000001D)
    .ARM.Collect$$libinit$$0000001F          0x000001b6   Section        0  libinit2.o(.ARM.Collect$$libinit$$0000001F)
    .ARM.Collect$$libinit$$00000021          0x000001b6   Section        0  libinit2.o(.ARM.Collect$$libinit$$00000021)
    .ARM.Collect$$libinit$$00000028          0x000001b6   Section        0  libinit2.o(.ARM.Collect$$libinit$$00000028)
    .ARM.Collect$$libinit$$0000002A          0x000001b6   Section        0  libinit2.o(.ARM.Collect$$libinit$$0000002A)
    .ARM.Collect$$libinit$$0000002C          0x000001b6   Section        0  libinit2.o(.ARM.Collect$$libinit$$0000002C)
    .ARM.Collect$$libinit$$0000002E          0x000001b6   Section        0  libinit2.o(.ARM.Collect$$libinit$$0000002E)
    .ARM.Collect$$libinit$$0000002F          0x000001b6   Section       12  libinit2.o(.ARM.Collect$$libinit$$0000002F)
    .ARM.Collect$$libshutdown$$00000000      0x000001cc   Section        4  libshutdown.o(.ARM.Collect$$libshutdown$$00000000)
    .ARM.Collect$$libshutdown$$00000003      0x000001d0   Section        0  libshutdown2.o(.ARM.Collect$$libshutdown$$00000003)
    .ARM.Collect$$libshutdown$$00000006      0x000001d0   Section        0  libshutdown2.o(.ARM.Collect$$libshutdown$$00000006)
    .ARM.Collect$$libshutdown$$00000009      0x000001d0   Section        0  libshutdown2.o(.ARM.Collect$$libshutdown$$00000009)
    .ARM.Collect$$libshutdown$$0000000B      0x000001d0   Section        0  libshutdown2.o(.ARM.Collect$$libshutdown$$0000000B)
    .ARM.Collect$$libshutdown$$0000000E      0x000001d0   Section        0  libshutdown2.o(.ARM.Collect$$libshutdown$$0000000E)
    .ARM.Collect$$libshutdown$$0000000F      0x000001d0   Section        6  libshutdown2.o(.ARM.Collect$$libshutdown$$0000000F)
    .ARM.Collect$$rtentry$$00000000          0x000001d8   Section        0  rtentry.o(.ARM.Collect$$rtentry$$00000000)
    .ARM.Collect$$rtentry$$00000002          0x000001d8   Section        0  rtentry2.o(.ARM.Collect$$rtentry$$00000002)
    .ARM.Collect$$rtentry$$00000004          0x000001d8   Section        8  rtentry4.o(.ARM.Collect$$rtentry$$00000004)
    .ARM.Collect$$rtentry$$00000009          0x000001e0   Section        0  rtentry2.o(.ARM.Collect$$rtentry$$00000009)
    .ARM.Collect$$rtentry$$0000000A          0x000001e0   Section        4  rtentry2.o(.ARM.Collect$$rtentry$$0000000A)
    .ARM.Collect$$rtentry$$0000000C          0x000001e4   Section        0  rtentry2.o(.ARM.Collect$$rtentry$$0000000C)
    .ARM.Collect$$rtentry$$0000000D          0x000001e4   Section       40  rtentry2.o(.ARM.Collect$$rtentry$$0000000D)
    .ARM.Collect$$rtexit$$00000000           0x00000210   Section        0  rtexit.o(.ARM.Collect$$rtexit$$00000000)
    .ARM.Collect$$rtexit$$00000002           0x00000210   Section        0  rtexit2.o(.ARM.Collect$$rtexit$$00000002)
    .ARM.Collect$$rtexit$$00000003           0x00000210   Section        4  rtexit2.o(.ARM.Collect$$rtexit$$00000003)
    .ARM.Collect$$rtexit$$00000004           0x00000214   Section        4  rtexit2.o(.ARM.Collect$$rtexit$$00000004)
    .text                                    0x00000218   Section       32  startup.o(.text)
    .text                                    0x00000238   Section       80  rfid_main.o(.text)
    .text                                    0x00000288   Section       52  delay.o(.text)
    .text                                    0x000002bc   Section      176  ssd.o(.text)
    .text                                    0x0000036c   Section      236  uart.o(.text)
    .text                                    0x00000458   Section      388  lcd.o(.text)
    .text                                    0x000005dc   Section      832  brains.o(.text)
    .text                                    0x00000924   Section       24  strcat.o(.text)
    .text                                    0x0000093c   Section       64  rt_memclr.o(.text)
    .text                                    0x0000097c   Section      160  strcmp.o(.text)
    .text                                    0x00000a1c   Section        6  heapauxi.o(.text)
    .text                                    0x00000a24   Section       84  rt_memclr_w.o(.text)
    .text                                    0x00000a78   Section       96  sys_stackheap_outer.o(.text)
    .text                                    0x00000ad8   Section       12  exit.o(.text)
    .text                                    0x00000ae4   Section       12  libspace.o(.text)
    .text                                    0x00000af0   Section       24  sys_exit.o(.text)
    .text                                    0x00000b08   Section        4  use_no_semi.o(.text)
    x$fpl$fpinit                             0x00000b10   Section        4  fpinit.o(x$fpl$fpinit)
    .constdata                               0x00000b14   Section       22  brains.o(.constdata)
    .data                                    0x40000000   Section       60  brains.o(.data)
    .bss                                     0x4000003c   Section       13  uart.o(.bss)
    AString                                  0x4000003c   Data          13  uart.o(.bss)
    .bss                                     0x4000004c   Section       96  libspace.o(.bss)
    HEAP                                     0x400000b0   Section        0  startup.o(HEAP)
    STACK                                    0x400000b0   Section     1160  startup.o(STACK)
    Heap_Mem                                 0x400000b0   Data           0  startup.o(HEAP)
    Stack_Mem                                0x400000b0   Data        1024  startup.o(STACK)
    Stack_Top                                0x40000538   Data           0  startup.o(STACK)

    Global Symbols

    Symbol Name                              Value     Ov Type        Size  Object(Section)

    BuildAttributes$$THM_ISAv1$ARM_ISAv4$S$PE$A:L22$X:L11$S22$IEEE1$IW$USESV6$~STKCKD$USESV7$~SHL$OSPACE$ROPI$EBA8$UX$STANDARDLIB$REQ8$PRES8$EABIv2 0x00000000   Number         0  anon$$obj.o ABSOLUTE
    __ARM_use_no_argv                        0x00000000   Number         0  rfid_main.o ABSOLUTE
    __ARM_exceptions_init                     - Undefined Weak Reference
    __alloca_initialize                       - Undefined Weak Reference
    __cpp_initialize__aeabi_                  - Undefined Weak Reference
    __cxa_finalize                            - Undefined Weak Reference
    __rt_locale                               - Undefined Weak Reference
    __sigvec_lookup                           - Undefined Weak Reference
    _atexit_init                              - Undefined Weak Reference
    _call_atexit_fns                          - Undefined Weak Reference
    _clock_init                               - Undefined Weak Reference
    _fp_trap_init                             - Undefined Weak Reference
    _fp_trap_shutdown                         - Undefined Weak Reference
    _get_lc_collate                           - Undefined Weak Reference
    _get_lc_ctype                             - Undefined Weak Reference
    _get_lc_monetary                          - Undefined Weak Reference
    _get_lc_numeric                           - Undefined Weak Reference
    _get_lc_time                              - Undefined Weak Reference
    _getenv_init                              - Undefined Weak Reference
    _handle_redirection                       - Undefined Weak Reference
    _init_alloc                               - Undefined Weak Reference
    _init_user_alloc                          - Undefined Weak Reference
    _initio                                   - Undefined Weak Reference
    _rand_init                                - Undefined Weak Reference
    _signal_finish                            - Undefined Weak Reference
    _signal_init                              - Undefined Weak Reference
    _terminate_alloc                          - Undefined Weak Reference
    _terminate_user_alloc                     - Undefined Weak Reference
    _terminateio                              - Undefined Weak Reference
    Reset_Handler                            0x00000058   ARM Code       0  startup.o(RESET)
    __main                                   0x00000110   ARM Code       8  __main.o(!!!main)
    __scatterload                            0x00000118   ARM Code       0  __scatter.o(!!!scatter)
    __scatterload_rt2                        0x00000118   ARM Code      52  __scatter.o(!!!scatter)
    __scatterload_null                       0x0000012c   ARM Code       0  __scatter.o(!!!scatter)
    __scatterload_copy                       0x00000154   ARM Code      40  __scatter_copy.o(!!handler_copy)
    __scatterload_zeroinit                   0x0000017c   ARM Code      44  __scatter_zi.o(!!handler_zi)
    Inline ARM to Thumb Veneer to __rt_lib_init 0x000001a8   ARM Code       8  libinit.o(.ARM.Collect$$libinit$$00000000)
    __rt_lib_init                            0x000001b1   Thumb Code     0  libinit.o(.ARM.Collect$$libinit$$00000000)
    __rt_lib_init_alloca_1                   0x000001b7   Thumb Code     0  libinit2.o(.ARM.Collect$$libinit$$0000002A)
    __rt_lib_init_argv_1                     0x000001b7   Thumb Code     0  libinit2.o(.ARM.Collect$$libinit$$00000028)
    __rt_lib_init_atexit_1                   0x000001b7   Thumb Code     0  libinit2.o(.ARM.Collect$$libinit$$00000017)
    __rt_lib_init_clock_1                    0x000001b7   Thumb Code     0  libinit2.o(.ARM.Collect$$libinit$$0000001D)
    __rt_lib_init_cpp_1                      0x000001b7   Thumb Code     0  libinit2.o(.ARM.Collect$$libinit$$0000002E)
    __rt_lib_init_exceptions_1               0x000001b7   Thumb Code     0  libinit2.o(.ARM.Collect$$libinit$$0000002C)
    __rt_lib_init_fp_trap_1                  0x000001b7   Thumb Code     0  libinit2.o(.ARM.Collect$$libinit$$0000001B)
    __rt_lib_init_getenv_1                   0x000001b7   Thumb Code     0  libinit2.o(.ARM.Collect$$libinit$$0000001F)
    __rt_lib_init_heap_1                     0x000001b7   Thumb Code     0  libinit2.o(.ARM.Collect$$libinit$$00000006)
    __rt_lib_init_lc_collate_1               0x000001b7   Thumb Code     0  libinit2.o(.ARM.Collect$$libinit$$0000000D)
    __rt_lib_init_lc_ctype_1                 0x000001b7   Thumb Code     0  libinit2.o(.ARM.Collect$$libinit$$0000000F)
    __rt_lib_init_lc_monetary_1              0x000001b7   Thumb Code     0  libinit2.o(.ARM.Collect$$libinit$$00000011)
    __rt_lib_init_lc_numeric_1               0x000001b7   Thumb Code     0  libinit2.o(.ARM.Collect$$libinit$$00000013)
    __rt_lib_init_lc_time_1                  0x000001b7   Thumb Code     0  libinit2.o(.ARM.Collect$$libinit$$00000015)
    __rt_lib_init_rand_1                     0x000001b7   Thumb Code     0  libinit2.o(.ARM.Collect$$libinit$$0000000A)
    __rt_lib_init_return                     0x000001b7   Thumb Code     0  libinit2.o(.ARM.Collect$$libinit$$0000002F)
    __rt_lib_init_signal_1                   0x000001b7   Thumb Code     0  libinit2.o(.ARM.Collect$$libinit$$00000019)
    __rt_lib_init_stdio_1                    0x000001b7   Thumb Code     0  libinit2.o(.ARM.Collect$$libinit$$00000021)
    __rt_lib_init_user_alloc_1               0x000001b7   Thumb Code     0  libinit2.o(.ARM.Collect$$libinit$$00000008)
    Inline ARM to Thumb Veneer to __rt_lib_shutdown 0x000001c4   ARM Code       8  libshutdown.o(.ARM.Collect$$libshutdown$$00000000)
    __rt_lib_shutdown                        0x000001cd   Thumb Code     0  libshutdown.o(.ARM.Collect$$libshutdown$$00000000)
    __rt_lib_shutdown_fp_trap_1              0x000001d1   Thumb Code     0  libshutdown2.o(.ARM.Collect$$libshutdown$$00000006)
    __rt_lib_shutdown_heap_1                 0x000001d1   Thumb Code     0  libshutdown2.o(.ARM.Collect$$libshutdown$$0000000E)
    __rt_lib_shutdown_return                 0x000001d1   Thumb Code     0  libshutdown2.o(.ARM.Collect$$libshutdown$$0000000F)
    __rt_lib_shutdown_signal_1               0x000001d1   Thumb Code     0  libshutdown2.o(.ARM.Collect$$libshutdown$$00000009)
    __rt_lib_shutdown_stdio_1                0x000001d1   Thumb Code     0  libshutdown2.o(.ARM.Collect$$libshutdown$$00000003)
    __rt_lib_shutdown_user_alloc_1           0x000001d1   Thumb Code     0  libshutdown2.o(.ARM.Collect$$libshutdown$$0000000B)
    __rt_entry                               0x000001d8   ARM Code       0  rtentry.o(.ARM.Collect$$rtentry$$00000000)
    __rt_entry_presh_1                       0x000001d8   ARM Code       0  rtentry2.o(.ARM.Collect$$rtentry$$00000002)
    __rt_entry_sh                            0x000001d8   ARM Code       0  rtentry4.o(.ARM.Collect$$rtentry$$00000004)
    __rt_entry_li                            0x000001e0   ARM Code       0  rtentry2.o(.ARM.Collect$$rtentry$$0000000A)
    __rt_entry_postsh_1                      0x000001e0   ARM Code       0  rtentry2.o(.ARM.Collect$$rtentry$$00000009)
    __rt_entry_main                          0x000001e4   ARM Code       0  rtentry2.o(.ARM.Collect$$rtentry$$0000000D)
    __rt_entry_postli_1                      0x000001e4   ARM Code       0  rtentry2.o(.ARM.Collect$$rtentry$$0000000C)
    Inline Thumb to ARM Veneer to __rt_exit  0x0000020d   Thumb Code     4  rtexit.o(.ARM.Collect$$rtexit$$00000000)
    __rt_exit                                0x00000210   ARM Code       0  rtexit.o(.ARM.Collect$$rtexit$$00000000)
    __rt_exit_ls                             0x00000210   ARM Code       0  rtexit2.o(.ARM.Collect$$rtexit$$00000003)
    __rt_exit_prels_1                        0x00000210   ARM Code       0  rtexit2.o(.ARM.Collect$$rtexit$$00000002)
    __rt_exit_exit                           0x00000214   ARM Code       0  rtexit2.o(.ARM.Collect$$rtexit$$00000004)
    __user_initial_stackheap                 0x00000218   ARM Code       0  startup.o(.text)
    pin_init                                 0x00000238   ARM Code      52  rfid_main.o(.text)
    main                                     0x0000026c   ARM Code      24  rfid_main.o(.text)
    Delay                                    0x00000288   ARM Code      48  delay.o(.text)
    display_ssd                              0x000002bc   ARM Code     172  ssd.o(.text)
    Init_Uart                                0x0000036c   ARM Code      40  uart.o(.text)
    Transmit                                 0x00000394   ARM Code      32  uart.o(.text)
    Transmit_String                          0x000003b4   ARM Code      44  uart.o(.text)
    Receive                                  0x000003e0   ARM Code      36  uart.o(.text)
    Receive_String                           0x00000404   ARM Code      76  uart.o(.text)
    enable                                   0x00000458   ARM Code      44  lcd.o(.text)
    display_lcd                              0x00000484   ARM Code     156  lcd.o(.text)
    lcd_init                                 0x00000520   ARM Code     136  lcd.o(.text)
    lcd_string                               0x000005a8   ARM Code      48  lcd.o(.text)
    Compare_RFID                             0x000005dc   ARM Code     136  brains.o(.text)
    ssd_brain                                0x00000664   ARM Code     140  brains.o(.text)
    lcd_brain                                0x000006f0   ARM Code     556  brains.o(.text)
    Inline ARM to Thumb Veneer to strcat     0x0000091c   ARM Code       8  strcat.o(.text)
    strcat                                   0x00000925   Thumb Code    24  strcat.o(.text)
    __aeabi_memclr                           0x0000093c   ARM Code       0  rt_memclr.o(.text)
    __rt_memclr                              0x0000093c   ARM Code      64  rt_memclr.o(.text)
    _memset                                  0x00000940   ARM Code       0  rt_memclr.o(.text)
    strcmp                                   0x0000097c   ARM Code     156  strcmp.o(.text)
    __use_two_region_memory                  0x00000a1d   Thumb Code     2  heapauxi.o(.text)
    __rt_heap_escrow$2region                 0x00000a1f   Thumb Code     2  heapauxi.o(.text)
    __rt_heap_expand$2region                 0x00000a21   Thumb Code     2  heapauxi.o(.text)
    __aeabi_memclr4                          0x00000a24   ARM Code       0  rt_memclr_w.o(.text)
    __aeabi_memclr8                          0x00000a24   ARM Code       0  rt_memclr_w.o(.text)
    __rt_memclr_w                            0x00000a24   ARM Code      84  rt_memclr_w.o(.text)
    _memset_w                                0x00000a28   ARM Code       0  rt_memclr_w.o(.text)
    __user_setup_stackheap                   0x00000a78   ARM Code      96  sys_stackheap_outer.o(.text)
    exit                                     0x00000ad9   Thumb Code    12  exit.o(.text)
    __user_libspace                          0x00000ae4   ARM Code      12  libspace.o(.text)
    __user_perproc_libspace                  0x00000ae4   ARM Code       0  libspace.o(.text)
    __user_perthread_libspace                0x00000ae4   ARM Code       0  libspace.o(.text)
    _sys_exit                                0x00000af0   ARM Code      20  sys_exit.o(.text)
    __I$use$semihosting                      0x00000b08   ARM Code       0  use_no_semi.o(.text)
    __use_no_semihosting_swi                 0x00000b08   ARM Code       4  use_no_semi.o(.text)
    Inline Thumb to ARM Veneer to _fp_init   0x00000b0d   Thumb Code     4  fpinit.o(x$fpl$fpinit)
    __fplib_config_pureend_doubles           0x00000b10   ARM Code       0  fpinit.o(x$fpl$fpinit)
    _fp_init                                 0x00000b10   ARM Code       4  fpinit.o(x$fpl$fpinit)
    Region$$Table$$Base                      0x00000b2c   Number         0  anon$$obj.o(Region$$Table)
    Region$$Table$$Limit                     0x00000b4c   Number         0  anon$$obj.o(Region$$Table)
    ADefaltString                            0x40000000   Data          26  brains.o(.data)
    pass_value                               0x4000001c   Data          16  brains.o(.data)
    fail_value                               0x4000002c   Data          16  brains.o(.data)
    __libspace_start                         0x4000004c   Data          96  libspace.o(.bss)
    __temporary_stack_top$libspace           0x400000ac   Data           0  libspace.o(.bss)



==============================================================================

Memory Map of the image

  Image Entry point : 0x00000110

  Load Region LR_IROM1 (Base: 0x00000000, Size: 0x00000b88, Max: 0x00080000, ABSOLUTE)

    Execution Region ER_IROM1 (Base: 0x00000000, Size: 0x00000b4c, Max: 0x00080000, ABSOLUTE)

    Base Addr    Size         Type   Attr      Idx    E Section Name        Object

    0x00000000   0x00000110   Code   RO            3    RESET               startup.o
    0x00000110   0x00000008   Code   RO          126  * !!!main             __main.o(c_t.l)
    0x00000118   0x0000003c   Code   RO          287    !!!scatter          __scatter.o(c_t.l)
    0x00000154   0x00000028   Code   RO          289    !!handler_copy      __scatter_copy.o(c_t.l)
    0x0000017c   0x0000002c   Code   RO          291    !!handler_zi        __scatter_zi.o(c_t.l)
    0x000001a8   0x00000008   Ven    RO          160    .ARM.Collect$$libinit$$00000000  libinit.o(c_t.l)
    0x000001b0   0x00000006   Code   RO          160    .ARM.Collect$$libinit$$00000000  libinit.o(c_t.l)
    0x000001b6   0x00000000   Code   RO          168    .ARM.Collect$$libinit$$00000006  libinit2.o(c_t.l)
    0x000001b6   0x00000000   Code   RO          170    .ARM.Collect$$libinit$$00000008  libinit2.o(c_t.l)
    0x000001b6   0x00000000   Code   RO          172    .ARM.Collect$$libinit$$0000000A  libinit2.o(c_t.l)
    0x000001b6   0x00000000   Code   RO          175    .ARM.Collect$$libinit$$0000000D  libinit2.o(c_t.l)
    0x000001b6   0x00000000   Code   RO          177    .ARM.Collect$$libinit$$0000000F  libinit2.o(c_t.l)
    0x000001b6   0x00000000   Code   RO          179    .ARM.Collect$$libinit$$00000011  libinit2.o(c_t.l)
    0x000001b6   0x00000000   Code   RO          181    .ARM.Collect$$libinit$$00000013  libinit2.o(c_t.l)
    0x000001b6   0x00000000   Code   RO          183    .ARM.Collect$$libinit$$00000015  libinit2.o(c_t.l)
    0x000001b6   0x00000000   Code   RO          185    .ARM.Collect$$libinit$$00000017  libinit2.o(c_t.l)
    0x000001b6   0x00000000   Code   RO          187    .ARM.Collect$$libinit$$00000019  libinit2.o(c_t.l)
    0x000001b6   0x00000000   Code   RO          189    .ARM.Collect$$libinit$$0000001B  libinit2.o(c_t.l)
    0x000001b6   0x00000000   Code   RO          191    .ARM.Collect$$libinit$$0000001D  libinit2.o(c_t.l)
    0x000001b6   0x00000000   Code   RO          193    .ARM.Collect$$libinit$$0000001F  libinit2.o(c_t.l)
    0x000001b6   0x00000000   Code   RO          195    .ARM.Collect$$libinit$$00000021  libinit2.o(c_t.l)
    0x000001b6   0x00000000   Code   RO          199    .ARM.Collect$$libinit$$00000028  libinit2.o(c_t.l)
    0x000001b6   0x00000000   Code   RO          201    .ARM.Collect$$libinit$$0000002A  libinit2.o(c_t.l)
    0x000001b6   0x00000000   Code   RO          203    .ARM.Collect$$libinit$$0000002C  libinit2.o(c_t.l)
    0x000001b6   0x00000000   Code   RO          205    .ARM.Collect$$libinit$$0000002E  libinit2.o(c_t.l)
    0x000001b6   0x0000000c   Code   RO          206    .ARM.Collect$$libinit$$0000002F  libinit2.o(c_t.l)
    0x000001c2   0x00000002   PAD
    0x000001c4   0x00000008   Ven    RO          227    .ARM.Collect$$libshutdown$$00000000  libshutdown.o(c_t.l)
    0x000001cc   0x00000004   Code   RO          227    .ARM.Collect$$libshutdown$$00000000  libshutdown.o(c_t.l)
    0x000001d0   0x00000000   Code   RO          240    .ARM.Collect$$libshutdown$$00000003  libshutdown2.o(c_t.l)
    0x000001d0   0x00000000   Code   RO          243    .ARM.Collect$$libshutdown$$00000006  libshutdown2.o(c_t.l)
    0x000001d0   0x00000000   Code   RO          246    .ARM.Collect$$libshutdown$$00000009  libshutdown2.o(c_t.l)
    0x000001d0   0x00000000   Code   RO          248    .ARM.Collect$$libshutdown$$0000000B  libshutdown2.o(c_t.l)
    0x000001d0   0x00000000   Code   RO          251    .ARM.Collect$$libshutdown$$0000000E  libshutdown2.o(c_t.l)
    0x000001d0   0x00000006   Code   RO          252    .ARM.Collect$$libshutdown$$0000000F  libshutdown2.o(c_t.l)
    0x000001d6   0x00000002   PAD
    0x000001d8   0x00000000   Code   RO          128    .ARM.Collect$$rtentry$$00000000  rtentry.o(c_t.l)
    0x000001d8   0x00000000   Code   RO          133    .ARM.Collect$$rtentry$$00000002  rtentry2.o(c_t.l)
    0x000001d8   0x00000008   Code   RO          148    .ARM.Collect$$rtentry$$00000004  rtentry4.o(c_t.l)
    0x000001e0   0x00000000   Code   RO          135    .ARM.Collect$$rtentry$$00000009  rtentry2.o(c_t.l)
    0x000001e0   0x00000004   Code   RO          136    .ARM.Collect$$rtentry$$0000000A  rtentry2.o(c_t.l)
    0x000001e4   0x00000000   Code   RO          138    .ARM.Collect$$rtentry$$0000000C  rtentry2.o(c_t.l)
    0x000001e4   0x00000028   Code   RO          139    .ARM.Collect$$rtentry$$0000000D  rtentry2.o(c_t.l)
    0x0000020c   0x00000004   Ven    RO          164    .ARM.Collect$$rtexit$$00000000  rtexit.o(c_t.l)
    0x00000210   0x00000000   Code   RO          164    .ARM.Collect$$rtexit$$00000000  rtexit.o(c_t.l)
    0x00000210   0x00000000   Code   RO          210    .ARM.Collect$$rtexit$$00000002  rtexit2.o(c_t.l)
    0x00000210   0x00000004   Code   RO          211    .ARM.Collect$$rtexit$$00000003  rtexit2.o(c_t.l)
    0x00000214   0x00000004   Code   RO          212    .ARM.Collect$$rtexit$$00000004  rtexit2.o(c_t.l)
    0x00000218   0x00000020   Code   RO            4    .text               startup.o
    0x00000238   0x00000050   Code   RO           11    .text               rfid_main.o
    0x00000288   0x00000034   Code   RO           33    .text               delay.o
    0x000002bc   0x000000b0   Code   RO           48    .text               ssd.o
    0x0000036c   0x000000ec   Code   RO           66    .text               uart.o
    0x00000458   0x00000184   Code   RO           82    .text               lcd.o
    0x000005dc   0x00000340   Code   RO           97    .text               brains.o
    0x0000091c   0x00000008   Ven    RO          118    .text               strcat.o(c_t.l)
    0x00000924   0x00000018   Code   RO          118    .text               strcat.o(c_t.l)
    0x0000093c   0x00000040   Code   RO          120    .text               rt_memclr.o(c_t.l)
    0x0000097c   0x000000a0   Code   RO          122    .text               strcmp.o(c_t.l)
    0x00000a1c   0x00000006   Code   RO          124    .text               heapauxi.o(c_t.l)
    0x00000a22   0x00000002   PAD
    0x00000a24   0x00000054   Code   RO          130    .text               rt_memclr_w.o(c_t.l)
    0x00000a78   0x00000060   Code   RO          150    .text               sys_stackheap_outer.o(c_t.l)
    0x00000ad8   0x0000000c   Code   RO          152    .text               exit.o(c_t.l)
    0x00000ae4   0x0000000c   Code   RO          161    .text               libspace.o(c_t.l)
    0x00000af0   0x00000018   Code   RO          219    .text               sys_exit.o(c_t.l)
    0x00000b08   0x00000004   Code   RO          230    .text               use_no_semi.o(c_t.l)
    0x00000b0c   0x00000004   Ven    RO          207    x$fpl$fpinit        fpinit.o(fz_ts.l)
    0x00000b10   0x00000004   Code   RO          207    x$fpl$fpinit        fpinit.o(fz_ts.l)
    0x00000b14   0x00000016   Data   RO           98    .constdata          brains.o
    0x00000b2a   0x00000002   PAD
    0x00000b2c   0x00000020   Data   RO          285    Region$$Table       anon$$obj.o


    Execution Region RW_IRAM1 (Base: 0x40000000, Size: 0x00000538, Max: 0x00008000, ABSOLUTE)

    Base Addr    Size         Type   Attr      Idx    E Section Name        Object

    0x40000000   0x0000003c   Data   RW           99    .data               brains.o
    0x4000003c   0x0000000d   Zero   RW           67    .bss                uart.o
    0x40000049   0x00000003   PAD
    0x4000004c   0x00000060   Zero   RW          162    .bss                libspace.o(c_t.l)
    0x400000ac   0x00000004   PAD
    0x400000b0   0x00000000   Zero   RW            2    HEAP                startup.o
    0x400000b0   0x00000488   Zero   RW            1    STACK               startup.o


==============================================================================

Image component sizes


      Code (inc. data)   RO Data    RW Data    ZI Data      Debug   Object Name

       832        144         22         60          0       2173   brains.o
        52          4          0          0          0        480   delay.o
       388          4          0          0          0       1089   lcd.o
        80          4          0          0          0       2044   rfid_main.o
       176          4          0          0          0        686   ssd.o
       304         60          0          0       1160        512   startup.o
       236          8          0          0         13       1220   uart.o

    ----------------------------------------------------------------------
      2068        228         56         60       1176       8204   Object Totals
         0          0         32          0          0          0   (incl. Generated)
         0          0          2          0          3          0   (incl. Padding)

    ----------------------------------------------------------------------

      Code (inc. data)   RO Data    RW Data    ZI Data      Debug   Library Member Name

         8          0          0          0          0         68   __main.o
        60          8          0          0          0          0   __scatter.o
        40          0          0          0          0          0   __scatter_copy.o
        44          0          0          0          0          0   __scatter_zi.o
        12          0          0          0          0         60   exit.o
         8          0          0          0          0         68   fpinit.o
         6          0          0          0          0        132   heapauxi.o
        14          0          0          0          0          0   libinit.o
        12          0          0          0          0          0   libinit2.o
        12          0          0          0          0          0   libshutdown.o
         6          0          0          0          0          0   libshutdown2.o
        12          4          0          0         96         68   libspace.o
        64          0          0          0          0         68   rt_memclr.o
        84          0          0          0          0         76   rt_memclr_w.o
         0          0          0          0          0          0   rtentry.o
        44          4          0          0          0          0   rtentry2.o
         8          0          0          0          0          0   rtentry4.o
         4          0          0          0          0          0   rtexit.o
         8          0          0          0          0          0   rtexit2.o
        32          0          0          0          0         60   strcat.o
       160          4          0          0          0         76   strcmp.o
        24          8          0          0          0         68   sys_exit.o
        96          0          0          0          0         80   sys_stackheap_outer.o
         4          0          0          0          0         68   use_no_semi.o

    ----------------------------------------------------------------------
       768         28          0          0        100        892   Library Totals
         6          0          0          0          4          0   (incl. Padding)

    ----------------------------------------------------------------------

      Code (inc. data)   RO Data    RW Data    ZI Data      Debug   Library Name

       754         28          0          0         96        824   c_t.l
         8          0          0          0          0         68   fz_ts.l

    ----------------------------------------------------------------------
       768         28          0          0        100        892   Library Totals

    ----------------------------------------------------------------------

==============================================================================


      Code (inc. data)   RO Data    RW Data    ZI Data      Debug   

      2836        256         56         60       1276       8312   Grand Totals
      2836        256         56         60       1276       8312   ELF Image Totals
      2836        256         56         60          0          0   ROM Totals

==============================================================================

    Total RO  Size (Code + RO Data)                 2892 (   2.82kB)
    Total RW  Size (RW Data + ZI Data)              1336 (   1.30kB)
    Total ROM Size (Code + RO Data + RW Data)       2952 (   2.88kB)

==============================================================================

