<html>
<body>
<pre>
<h1>µVision Build Log</h1>
<h2>Project:</h2>
C:\Users\Prolific\Desktop\Manthan Ladva\Arm-Projects\rfid_login_system\rfid_login_system.uvproj
Project File Date:  04/30/2021

<h2>Output:</h2>
Build target 'Target 1'
compiling rfid_main.c...
compiling brains.c...
linking...
Program Size: Code=2836 RO-data=56 RW-data=60 ZI-data=1276  
FromELF: creating hex file...
"rfid_login_system.axf" - 0 Error(s), 0 Warning(s).
Build target 'Target 1'
compiling rfid_main.c...
linking...
Program Size: Code=2836 RO-data=56 RW-data=60 ZI-data=1276  
FromELF: creating hex file...
"rfid_login_system.axf" - 0 Error(s), 0 Warning(s).
Build target 'Target 1'
compiling brains.c...
linking...
Program Size: Code=2788 RO-data=56 RW-data=60 ZI-data=1276  
FromELF: creating hex file...
"rfid_login_system.axf" - 0 Error(s), 0 Warning(s).
Build target 'Target 1'
compiling brains.c...
linking...
Program Size: Code=2836 RO-data=56 RW-data=60 ZI-data=1276  
FromELF: creating hex file...
"rfid_login_system.axf" - 0 Error(s), 0 Warning(s).
Build target 'Target 1'
compiling rfid_main.c...
linking...
Program Size: Code=2836 RO-data=56 RW-data=60 ZI-data=1276  
FromELF: creating hex file...
"rfid_login_system.axf" - 0 Error(s), 0 Warning(s).
