<html>
<body>
<pre>
<h1>µVision Build Log</h1>
<h2>Project:</h2>
C:\Users\prolific\Desktop\Manthan Ladva\Arm-Projects\led\1to255\1to255.uvproj
Project File Date:  04/05/2021

<h2>Output:</h2>
Build target 'Target 1'
compiling 1to255.c...
1to255.c(9): warning:  #951-D: return type of function "main" must be "int"
1to255.c(38): warning:  #1-D: last line of file ends without a newline
linking...
Program Size: Code=868 RO-data=16 RW-data=0 ZI-data=1256  
FromELF: creating hex file...
"1to255.axf" - 0 Error(s), 2 Warning(s).
Build target 'Target 1'
compiling 1to255.c...
1to255.c(9): warning:  #951-D: return type of function "main" must be "int"
1to255.c(41): warning:  #1-D: last line of file ends without a newline
linking...
Program Size: Code=880 RO-data=16 RW-data=0 ZI-data=1256  
FromELF: creating hex file...
"1to255.axf" - 0 Error(s), 2 Warning(s).
Build target 'Target 1'
linking...
Program Size: Code=880 RO-data=16 RW-data=0 ZI-data=1256  
FromELF: creating hex file...
"1to255.axf" - 0 Error(s), 0 Warning(s).
Build target 'Target 1'
compiling 1to255.c...
1to255.c(9): warning:  #951-D: return type of function "main" must be "int"
1to255.c(42): warning:  #1-D: last line of file ends without a newline
linking...
Program Size: Code=888 RO-data=16 RW-data=0 ZI-data=1256  
FromELF: creating hex file...
"1to255.axf" - 0 Error(s), 2 Warning(s).
Build target 'Target 1'
compiling 1to255.c...
1to255.c(9): warning:  #951-D: return type of function "main" must be "int"
1to255.c(42): warning:  #1-D: last line of file ends without a newline
linking...
Program Size: Code=888 RO-data=16 RW-data=0 ZI-data=1256  
FromELF: creating hex file...
"1to255.axf" - 0 Error(s), 2 Warning(s).
Build target 'Target 1'
compiling 1to255.c...
1to255.c(9): warning:  #951-D: return type of function "main" must be "int"
1to255.c(42): warning:  #1-D: last line of file ends without a newline
linking...
Program Size: Code=888 RO-data=16 RW-data=0 ZI-data=1256  
FromELF: creating hex file...
"1to255.axf" - 0 Error(s), 2 Warning(s).
Build target 'Target 1'
compiling 1to255.c...
1to255.c(9): warning:  #951-D: return type of function "main" must be "int"
1to255.c(42): warning:  #1-D: last line of file ends without a newline
linking...
Program Size: Code=888 RO-data=16 RW-data=0 ZI-data=1256  
FromELF: creating hex file...
"1to255.axf" - 0 Error(s), 2 Warning(s).
Build target 'Target 1'
compiling 1to255.c...
1to255.c(9): warning:  #951-D: return type of function "main" must be "int"
1to255.c(42): warning:  #1-D: last line of file ends without a newline
linking...
Program Size: Code=888 RO-data=16 RW-data=0 ZI-data=1256  
FromELF: creating hex file...
"1to255.axf" - 0 Error(s), 2 Warning(s).
Build target 'Target 1'
compiling 1to255.c...
1to255.c(9): warning:  #951-D: return type of function "main" must be "int"
1to255.c(42): warning:  #1-D: last line of file ends without a newline
linking...
Program Size: Code=892 RO-data=16 RW-data=0 ZI-data=1256  
FromELF: creating hex file...
"1to255.axf" - 0 Error(s), 2 Warning(s).
Build target 'Target 1'
compiling 1to255.c...
1to255.c(9): warning:  #951-D: return type of function "main" must be "int"
1to255.c(42): warning:  #1-D: last line of file ends without a newline
linking...
Program Size: Code=892 RO-data=16 RW-data=0 ZI-data=1256  
FromELF: creating hex file...
"1to255.axf" - 0 Error(s), 2 Warning(s).
Build target 'Target 1'
compiling 1to255.c...
1to255.c(9): warning:  #951-D: return type of function "main" must be "int"
1to255.c(42): warning:  #1-D: last line of file ends without a newline
linking...
Program Size: Code=892 RO-data=16 RW-data=0 ZI-data=1256  
FromELF: creating hex file...
"1to255.axf" - 0 Error(s), 2 Warning(s).
Build target 'Target 1'
linking...
Program Size: Code=892 RO-data=16 RW-data=0 ZI-data=1256  
FromELF: creating hex file...
"1to255.axf" - 0 Error(s), 0 Warning(s).
Build target 'Target 1'
compiling 1to255.c...
1to255.c(9): warning:  #951-D: return type of function "main" must be "int"
1to255.c(42): warning:  #1-D: last line of file ends without a newline
linking...
Program Size: Code=892 RO-data=16 RW-data=0 ZI-data=1256  
FromELF: creating hex file...
"1to255.axf" - 0 Error(s), 2 Warning(s).
