<html>
<body>
<pre>
<h1>µVision Build Log</h1>
<h2>Project:</h2>
C:\Users\prolific\Desktop\Manthan Ladva\Arm-Projects\led\odd_even\odd_even.uvproj
Project File Date:  04/05/2021

<h2>Output:</h2>
Build target 'Target 1'
assembling Startup.s...
compiling odd_even.c...
odd_even.c(9): warning:  #951-D: return type of function "main" must be "int"
odd_even.c(43): warning:  #1-D: last line of file ends without a newline
linking...
Program Size: Code=904 RO-data=16 RW-data=0 ZI-data=1256  
FromELF: creating hex file...
"odd_even.axf" - 0 Error(s), 2 Warning(s).
Build target 'Target 1'
linking...
Program Size: Code=904 RO-data=16 RW-data=0 ZI-data=1256  
FromELF: creating hex file...
"odd_even.axf" - 0 Error(s), 0 Warning(s).
Build target 'Target 1'
linking...
Program Size: Code=904 RO-data=16 RW-data=0 ZI-data=1256  
FromELF: creating hex file...
"odd_even.axf" - 0 Error(s), 0 Warning(s).
Build target 'Target 1'
compiling odd_even.c...
odd_even.c(9): warning:  #951-D: return type of function "main" must be "int"
odd_even.c(45): warning:  #1-D: last line of file ends without a newline
linking...
Program Size: Code=908 RO-data=16 RW-data=0 ZI-data=1256  
FromELF: creating hex file...
"odd_even.axf" - 0 Error(s), 2 Warning(s).
Build target 'Target 1'
compiling odd_even.c...
odd_even.c(9): warning:  #951-D: return type of function "main" must be "int"
odd_even.c(45): warning:  #1-D: last line of file ends without a newline
linking...
Program Size: Code=908 RO-data=16 RW-data=0 ZI-data=1256  
FromELF: creating hex file...
"odd_even.axf" - 0 Error(s), 2 Warning(s).
Build target 'Target 1'
linking...
Program Size: Code=908 RO-data=16 RW-data=0 ZI-data=1256  
FromELF: creating hex file...
"odd_even.axf" - 0 Error(s), 0 Warning(s).
