C51 COMPILER V9.59.0.0   LED_UART                                                          03/24/2021 16:08:04 PAGE 1   


C51 COMPILER V9.59.0.0, COMPILATION OF MODULE LED_UART
OBJECT MODULE PLACED IN led_uart.OBJ
COMPILER INVOKED BY: C:\Keil_v5\C51\BIN\C51.EXE led_uart.c BROWSE DEBUG OBJECTEXTEND

line level    source

   1          #include <REG51F.H>
   2          
   3          void init_uart()
   4          {
   5   1              TMOD=0x20;
   6   1              TH1=0xFD;
   7   1              TR1=1;
   8   1              SCON=0x50;
   9   1      }
  10          
  11          void tx(unsigned int digit)
  12          {
  13   1              SBUF=digit;
  14   1              P0 = digit;
  15   1              while(TI==0);
  16   1              TI=0;
  17   1      }
  18          
  19          void delay(unsigned long int time){                       //Delay Function
  20   1              unsigned long int i;
  21   1              unsigned int j;
  22   1      
  23   1              for(i=0;i<time;i++){
  24   2                      for(j=0;j<120;j++){
  25   3                              
  26   3                      }
  27   2              }
  28   1      }
  29          
  30          void main(){
  31   1              unsigned int i;
  32   1              
  33   1      
  34   1              while(1){
  35   2                      for(i=1;i<256;i++){
  36   3                              //P0 = i; 
  37   3                              init_uart();
  38   3                              tx(i);
  39   3                              delay(50);
  40   3                      }
  41   2              }
  42   1      
  43   1      }


MODULE INFORMATION:   STATIC OVERLAYABLE
   CODE SIZE        =    143    ----
   CONSTANT SIZE    =   ----    ----
   XDATA SIZE       =   ----    ----
   PDATA SIZE       =   ----    ----
   DATA SIZE        =   ----      10
   IDATA SIZE       =   ----    ----
   BIT SIZE         =   ----    ----
END OF MODULE INFORMATION.


C51 COMPILATION COMPLETE.  0 WARNING(S),  0 ERROR(S)
