<html>
<body>
<pre>
<h1>µVision Build Log</h1>
<h2>Project:</h2>
C:\Users\Prolific\Desktop\Manthan Ladva\Arm-Projects\lcd\biodata\biodata.uvproj
Project File Date:  04/27/2021

<h2>Output:</h2>
Build target 'Target 1'
assembling Startup.s...
compiling biodata.c...
compiling delay.c...
compiling ssd.c...
compiling uart.c...
headers\uart.c(47): warning:  #120-D: return value type does not match the function type
linking...
Program Size: Code=1456 RO-data=16 RW-data=0 ZI-data=1256  
FromELF: creating hex file...
"biodata.axf" - 0 Error(s), 1 Warning(s).
Build target 'Target 1'
linking...
Program Size: Code=1456 RO-data=16 RW-data=0 ZI-data=1256  
FromELF: creating hex file...
"biodata.axf" - 0 Error(s), 0 Warning(s).
Build target 'Target 1'
compiling biodata.c...
linking...
Program Size: Code=1472 RO-data=16 RW-data=0 ZI-data=1256  
FromELF: creating hex file...
"biodata.axf" - 0 Error(s), 0 Warning(s).
