<html>
<body>
<pre>
<h1>µVision Build Log</h1>
<h2>Project:</h2>
C:\Users\prolific\Desktop\Manthan Ladva\Arm-Projects\ssd\number_display\number_display.uvproj
Project File Date:  04/10/2021

<h2>Output:</h2>
Build target 'Target 1'
compiling number_display.c...
linking...
Program Size: Code=1056 RO-data=32 RW-data=40 ZI-data=1256  
FromELF: creating hex file...
"number_display.axf" - 0 Error(s), 0 Warning(s).
Build target 'Target 1'
compiling number_display.c...
linking...
Program Size: Code=1080 RO-data=32 RW-data=40 ZI-data=1256  
FromELF: creating hex file...
"number_display.axf" - 0 Error(s), 0 Warning(s).
Build target 'Target 1'
compiling number_display.c...
linking...
Program Size: Code=1088 RO-data=32 RW-data=40 ZI-data=1256  
FromELF: creating hex file...
"number_display.axf" - 0 Error(s), 0 Warning(s).
Build target 'Target 1'
compiling number_display.c...
linking...
Program Size: Code=1088 RO-data=32 RW-data=40 ZI-data=1256  
FromELF: creating hex file...
"number_display.axf" - 0 Error(s), 0 Warning(s).
Build target 'Target 1'
compiling number_display.c...
linking...
Program Size: Code=1092 RO-data=32 RW-data=40 ZI-data=1256  
FromELF: creating hex file...
"number_display.axf" - 0 Error(s), 0 Warning(s).
