C51 COMPILER V9.59.0.0   ARRAY_UART                                                        03/24/2021 14:05:54 PAGE 1   


C51 COMPILER V9.59.0.0, COMPILATION OF MODULE ARRAY_UART
OBJECT MODULE PLACED IN array_uart.OBJ
COMPILER INVOKED BY: C:\Keil_v5\C51\BIN\C51.EXE array_uart.c BROWSE DEBUG OBJECTEXTEND

line level    source

   1          #include <REG51F.H>
   2          #include <string.h>
   3          
   4          unsigned char i;
   5          unsigned char table[]="Hello I Am Manthan.I am Embedded Engineer";
   6          
   7          void init_uart(void){
   8   1              TMOD = 0x20;
   9   1              TH1 = 0xFD;
  10   1              TR1     = 1;
  11   1              SCON = 0x50;
  12   1      }
  13          
  14          void tx(unsigned char ch){
  15   1              SBUF = ch;      
  16   1              while(TI == 0);
  17   1              TI = 0;
  18   1      }
  19          
  20          void main(void){
  21   1              unsigned int length;
  22   1              length = strlen(table);
  23   1              init_uart();
  24   1              for(i=0;i<length;i++){
  25   2                      tx(table[i]);
  26   2      //              if(table[i] == '.'){
  27   2      //                      tx("\r");
  28   2      //                      tx("\n");
  29   2      //              }
  30   2              }
  31   1              while(1);
  32   1      }


MODULE INFORMATION:   STATIC OVERLAYABLE
   CODE SIZE        =     63    ----
   CONSTANT SIZE    =   ----    ----
   XDATA SIZE       =   ----    ----
   PDATA SIZE       =   ----    ----
   DATA SIZE        =     43    ----
   IDATA SIZE       =   ----    ----
   BIT SIZE         =   ----    ----
END OF MODULE INFORMATION.


C51 COMPILATION COMPLETE.  0 WARNING(S),  0 ERROR(S)
