<html>
<body>
<pre>
<h1>µVision Build Log</h1>
<h2>Project:</h2>
C:\Users\Prolific\Desktop\Manthan Ladva\Arm-Projects\interrupt\timer_int_led\timer_int.uvproj
Project File Date:  08/11/2010

<h2>Output:</h2>
Build target 'Target 1'
assembling Startup.s...
compiling timer_int.c...
timer_int.c(31): error:  #165: too few arguments in function call
timer_int.c(49): warning:  #1-D: last line of file ends without a newline
Target not created
Build target 'Target 1'
compiling timer_int.c...
timer_int.c(49): warning:  #1-D: last line of file ends without a newline
linking...
Program Size: Code=952 RO-data=16 RW-data=0 ZI-data=1256  
FromELF: creating hex file...
"timer_int.axf" - 0 Error(s), 1 Warning(s).
Build target 'Target 1'
compiling timer_int.c...
timer_int.c(50): warning:  #1-D: last line of file ends without a newline
linking...
Program Size: Code=952 RO-data=16 RW-data=0 ZI-data=1256  
FromELF: creating hex file...
"timer_int.axf" - 0 Error(s), 1 Warning(s).
Build target 'Target 1'
linking...
Program Size: Code=952 RO-data=16 RW-data=0 ZI-data=1256  
FromELF: creating hex file...
"timer_int.axf" - 0 Error(s), 0 Warning(s).
Build target 'Target 1'
linking...
Program Size: Code=952 RO-data=16 RW-data=0 ZI-data=1256  
FromELF: creating hex file...
"timer_int.axf" - 0 Error(s), 0 Warning(s).
Build target 'Target 1'
linking...
Program Size: Code=952 RO-data=16 RW-data=0 ZI-data=1256  
FromELF: creating hex file...
"timer_int.axf" - 0 Error(s), 0 Warning(s).
Build target 'Target 1'
linking...
Program Size: Code=952 RO-data=16 RW-data=0 ZI-data=1256  
FromELF: creating hex file...
"timer_int.axf" - 0 Error(s), 0 Warning(s).
Build target 'Target 1'
compiling timer_int.c...
timer_int.c(50): warning:  #1-D: last line of file ends without a newline
linking...
Program Size: Code=952 RO-data=16 RW-data=0 ZI-data=1256  
FromELF: creating hex file...
"timer_int.axf" - 0 Error(s), 1 Warning(s).
Build target 'Target 1'
compiling timer_int.c...
timer_int.c(50): warning:  #1-D: last line of file ends without a newline
linking...
Program Size: Code=952 RO-data=16 RW-data=0 ZI-data=1256  
FromELF: creating hex file...
"timer_int.axf" - 0 Error(s), 1 Warning(s).
Build target 'Target 1'
compiling timer_int.c...
linking...
Program Size: Code=952 RO-data=16 RW-data=0 ZI-data=1256  
FromELF: creating hex file...
"timer_int.axf" - 0 Error(s), 0 Warning(s).
Build target 'Target 1'
linking...
Program Size: Code=952 RO-data=16 RW-data=0 ZI-data=1256  
FromELF: creating hex file...
"timer_int.axf" - 0 Error(s), 0 Warning(s).
Build target 'Target 1'
compiling timer_int.c...
linking...
Program Size: Code=944 RO-data=16 RW-data=0 ZI-data=1256  
FromELF: creating hex file...
"timer_int.axf" - 0 Error(s), 0 Warning(s).
Build target 'Target 1'
linking...
Program Size: Code=944 RO-data=16 RW-data=0 ZI-data=1256  
FromELF: creating hex file...
"timer_int.axf" - 0 Error(s), 0 Warning(s).
Build target 'Target 1'
compiling timer_int.c...
linking...
Program Size: Code=952 RO-data=16 RW-data=0 ZI-data=1256  
FromELF: creating hex file...
"timer_int.axf" - 0 Error(s), 0 Warning(s).
Build target 'Target 1'
compiling timer_int.c...
linking...
Program Size: Code=952 RO-data=16 RW-data=0 ZI-data=1256  
FromELF: creating hex file...
"timer_int.axf" - 0 Error(s), 0 Warning(s).
Build target 'Target 1'
linking...
Program Size: Code=952 RO-data=16 RW-data=0 ZI-data=1256  
FromELF: creating hex file...
"timer_int.axf" - 0 Error(s), 0 Warning(s).
Build target 'Target 1'
linking...
Program Size: Code=952 RO-data=16 RW-data=0 ZI-data=1256  
FromELF: creating hex file...
"timer_int.axf" - 0 Error(s), 0 Warning(s).
Build target 'Target 1'
linking...
Program Size: Code=952 RO-data=16 RW-data=0 ZI-data=1256  
FromELF: creating hex file...
"timer_int.axf" - 0 Error(s), 0 Warning(s).
Build target 'Target 1'
linking...
Program Size: Code=952 RO-data=16 RW-data=0 ZI-data=1256  
FromELF: creating hex file...
"timer_int.axf" - 0 Error(s), 0 Warning(s).
Build target 'Target 1'
compiling timer_int.c...
linking...
Program Size: Code=952 RO-data=16 RW-data=0 ZI-data=1256  
FromELF: creating hex file...
"timer_int.axf" - 0 Error(s), 0 Warning(s).
Build target 'Target 1'
compiling timer_int.c...
linking...
Program Size: Code=944 RO-data=16 RW-data=0 ZI-data=1256  
FromELF: creating hex file...
"timer_int.axf" - 0 Error(s), 0 Warning(s).
Build target 'Target 1'
compiling timer_int.c...
linking...
Program Size: Code=952 RO-data=16 RW-data=0 ZI-data=1256  
FromELF: creating hex file...
"timer_int.axf" - 0 Error(s), 0 Warning(s).
